../Core/Src/PWM.c:23:6:Generate_Sine_LUT	24	static
../Core/Src/PWM.c:63:21:limiter	24	static
../Core/Src/PWM.c:77:6:PWM_Set_Main_Contactor	16	static
../Core/Src/PWM.c:90:6:PWM_Set_PreCharge_Relay	16	static
../Core/Src/PWM.c:102:6:PWM_Handle_SoftStart_Sequence	16	static
../Core/Src/PWM.c:118:13:PWM_AFE_Update_PLL	32	static
../Core/Src/PWM.c:143:13:PWM_AFE_Update_Vdc_Avg	16	static
../Core/Src/PWM.c:159:6:PWM_AFE_Process_Background_Math	16	static
../Core/Src/PWM.c:165:6:PWM_AFE_Run_PI_and_Hysteresis	32	static
../Core/Src/PWM.c:188:6:PWM_AFE_PWM_Kill	4	static
../Core/Src/PWM.c:194:7:PWM_AFE_Get_Preg	4	static
../Core/Src/PWM.c:195:7:PWM_AFE_Get_I_Ref	4	static
../Core/Src/PWM.c:208:6:PWM_Inverter_Set_Ramp	16	static
../Core/Src/PWM.c:212:6:PWM_Inverter_Set_Freq	16	static
../Core/Src/PWM.c:216:6:PWM_Inverter_Update	48	static
../Core/Src/PWM.c:265:10:PWM_Get_Duty_A	4	static
../Core/Src/PWM.c:266:10:PWM_Get_Duty_B	4	static
../Core/Src/PWM.c:267:10:PWM_Get_Duty_C	4	static
../Core/Src/PWM.c:268:10:PWM_AFE_Get_Duty_CH2	4	static
../Core/Src/PWM.c:269:10:PWM_AFE_Get_Duty_CH3	4	static
../Core/Src/PWM.c:278:6:PWM_Update_Cooling_Fan	32	static
../Core/Src/PWM.c:297:6:PWM_Start_All	8	static
../Core/Src/PWM.c:337:6:PWM_Emergency_Stop	8	static
../Core/Src/PWM.c:363:6:Check_Safety	32	static
